disp_al_de.c:56:5:disp_al_layer_apply	24	static
disp_al_de.c:105:5:disp_al_manager_init	8	static
disp_al_de.c:112:5:disp_al_manager_exit	8	static
disp_al_de.c:118:5:disp_al_manager_apply	8	static
disp_al_de.c:135:5:disp_al_manager_sync	0	static
disp_al_de.c:140:5:disp_al_manager_update_regs	8	static
disp_al_de.c:146:5:disp_al_manager_set_rcq_update	0	static
disp_al_de.c:151:5:disp_al_manager_set_all_rcq_head_dirty	0	static
disp_al_de.c:156:5:disp_al_manager_set_irq_enable	0	static
disp_al_de.c:162:5:disp_al_manager_query_irq_state	0	static
disp_al_de.c:167:5:disp_al_enhance_apply	0	static
disp_al_de.c:173:5:disp_al_enhance_update_regs	0	static
disp_al_de.c:178:5:disp_al_enhance_sync	0	static
disp_al_de.c:183:5:disp_al_enhance_tasklet	0	static
disp_al_de.c:269:5:disp_al_smbl_apply	0	static
disp_al_de.c:278:5:disp_al_smbl_update_regs	0	static
disp_al_de.c:283:5:disp_al_smbl_sync	0	static
disp_al_de.c:288:5:disp_al_smbl_tasklet	0	static
disp_al_de.c:293:5:disp_al_smbl_get_status	0	static
disp_al_de.c:298:5:disp_init_al	16	static
disp_al_de.c:313:5:disp_al_get_fb_info	0	static
disp_al_de.c:319:5:disp_al_get_display_size	16	static
disp_al_de.c:329:5:de_get_clk_rate	8	static
disp_al_de.c:336:5:disp_exit_al	0	static
disp_al_de.c:343:6:disp_al_get_direct_show_state	0	static
