disp_al_tcon.c:55:5:disp_al_lcd_get_clk_info	16	static
disp_al_tcon.c:163:5:disp_al_lcd_cfg	48	static
disp_al_tcon.c:213:5:disp_al_lcd_cfg_ext	8	static
disp_al_tcon.c:220:5:disp_al_lcd_enable	16	static
disp_al_tcon.c:247:5:disp_al_lcd_disable	8	static
disp_al_tcon.c:277:5:disp_al_lcd_query_irq	0	static
disp_al_tcon.c:295:5:disp_al_lcd_enable_irq	0	static
disp_al_tcon.c:317:5:disp_al_lcd_disable_irq	0	static
disp_al_tcon.c:339:5:disp_al_lcd_tri_busy	8	static
disp_al_tcon.c:354:5:disp_al_lcd_tri_start	0	static
disp_al_tcon.c:363:5:disp_al_lcd_io_cfg	0	static
disp_al_tcon.c:384:5:disp_al_lcd_get_cur_line	0	static
disp_al_tcon.c:394:5:disp_al_lcd_get_start_delay	0	static
disp_al_tcon.c:411:5:disp_al_hdmi_pad_sel	8	static
disp_al_tcon.c:418:5:disp_al_hdmi_enable	8	static
disp_al_tcon.c:426:5:disp_al_hdmi_disable	8	static
disp_al_tcon.c:435:5:disp_al_hdmi_set_output_format	0	static
disp_al_tcon.c:442:5:disp_al_hdmi_cfg	24	static
disp_al_tcon.c:479:5:disp_al_hdmi_irq_enable	8	static
disp_al_tcon.c:485:5:disp_al_hdmi_irq_disable	8	static
disp_al_tcon.c:492:5:disp_al_tv_enable	8	static
disp_al_tcon.c:500:5:disp_al_tv_disable	8	static
disp_al_tcon.c:523:5:disp_al_tv_cfg	24	static
disp_al_tcon.c:538:5:disp_al_tv_irq_enable	8	static
disp_al_tcon.c:545:5:disp_al_tv_irq_disable	8	static
disp_al_tcon.c:596:5:disp_al_vdevice_cfg	328	static
disp_al_tcon.c:649:5:disp_al_vdevice_enable	304	static
disp_al_tcon.c:660:5:disp_al_vdevice_disable	8	static
disp_al_tcon.c:669:5:disp_al_device_get_cur_line	0	static
disp_al_tcon.c:676:5:disp_al_device_get_start_delay	0	static
disp_al_tcon.c:684:5:disp_al_device_query_irq	0	static
disp_al_tcon.c:696:5:disp_al_device_enable_irq	0	static
disp_al_tcon.c:708:5:disp_al_device_disable_irq	0	static
disp_al_tcon.c:720:5:disp_al_device_get_status	0	static
disp_al_tcon.c:729:5:disp_al_device_src_select	0	static
disp_al_tcon.c:736:5:disp_al_device_set_de_id	0	static
disp_al_tcon.c:742:5:disp_al_device_set_de_use_rcq	0	static
disp_al_tcon.c:748:5:disp_al_device_set_output_type	0	static
disp_al_tcon.c:776:5:disp_al_init_tcon	16	static
disp_al_tcon.c:790:6:disp_al_show_builtin_patten	0	static
