sunxi_flash.c:30:5:sunxi_flash_read	0	static
sunxi_flash.c:35:5:sunxi_flash_write	0	static
sunxi_flash.c:40:5:sunxi_flash_flush	0	static
sunxi_flash.c:45:5:sunxi_flash_erase	0	static
sunxi_flash.c:50:5:sunxi_flash_force_erase	0	static
sunxi_flash.c:55:5:sunxi_flash_phyread	0	static
sunxi_flash.c:625:22:sunxi_block_read	24	static
sunxi_flash.c:60:5:sunxi_flash_phywrite	0	static
sunxi_flash.c:638:22:sunxi_block_write	24	static
sunxi_flash.c:65:6:sunxi_flash_size	0	static
sunxi_flash.c:672:12:sunxi_flash_get_dev	16	static
sunxi_flash.c:70:5:sunxi_secstorage_read	0	static
sunxi_flash.c:75:5:sunxi_secstorage_write	0	static
sunxi_flash.c:80:5:sunxi_flash_download_spl	0	static
sunxi_flash.c:85:5:sunxi_flash_download_toc	0	static
sunxi_flash.c:90:5:sunxi_flash_init	8	static
sunxi_flash.c:96:5:sunxi_flash_exit	0	static
sunxi_flash.c:101:5:sunxi_flash_write_end	0	static
sunxi_flash.c:111:5:sunxi_flash_erase_area	0	static
sunxi_flash.c:119:5:sunxi_sprite_read	0	static
sunxi_flash.c:124:5:sunxi_sprite_write	0	static
sunxi_flash.c:129:5:sunxi_sprite_flush	0	static
sunxi_flash.c:134:5:sunxi_sprite_erase	0	static
sunxi_flash.c:139:5:sunxi_sprite_force_erase	0	static
sunxi_flash.c:144:5:sunxi_sprite_phyread	0	static
sunxi_flash.c:149:5:sunxi_sprite_phywrite	0	static
sunxi_flash.c:154:5:sunxi_sprite_phyerase	0	static
sunxi_flash.c:159:6:sunxi_sprite_size	0	static
sunxi_flash.c:164:5:sunxi_sprite_secstorage_read	0	static
sunxi_flash.c:169:5:sunxi_sprite_secstorage_write	0	static
sunxi_flash.c:175:5:sunxi_sprite_download_spl	0	static
sunxi_flash.c:180:5:sunxi_sprite_download_toc	0	static
sunxi_flash.c:185:5:sunxi_sprite_init	0	static
sunxi_flash.c:190:5:sunxi_sprite_exit	0	static
sunxi_flash.c:195:5:sunxi_sprite_write_end	0	static
sunxi_flash.c:205:5:sunxi_sprite_erase_area	0	static
sunxi_flash.c:215:5:sunxi_flash_boot_init	16	static
sunxi_flash.c:283:5:sunxi_flash_probe	16	static
sunxi_flash.c:330:5:sunxi_flash_init_ext	16	static
sunxi_flash.c:356:5:sunxi_flash_upload_boot0	16	static
sunxi_flash.c:415:12:sunxi_try_boot0_backup	24	static
sunxi_flash.c:463:5:sunxi_flash_update_boot0	32	static
sunxi_flash.c:507:5:read_boot_package	8	static
sunxi_flash.c:551:5:save_fdt_to_flash	32	static
