sprite_download.c:49:13:dump_dram_para.constprop	16	static
sprite_download.c:107:5:sunxi_sprite_download_uboot	16	static
sprite_download.c:135:5:download_secure_boot0	24	static
sprite_download.c:234:5:download_normal_boot0	24	static
sprite_download.c:310:5:sunxi_sprite_download_boot0	8	static
sprite_download.c:323:5:gpt_convert_to_sunxi_mbr	80	static
sprite_download.c:437:5:sunxi_mbr_convert_to_gpt	80	static
sprite_download.c:569:5:download_standard_gpt	24	static
sprite_download.c:77:5:sunxi_sprite_download_mbr	16	static
