sunxi_smc_v2.c:263:13:smc_readl_normal	0	static
sunxi_smc_v2.c:267:13:smc_writel_normal	0	static
sunxi_smc_v2.c:141:5:arm_svc_read_sec_reg	0	static
sunxi_smc_v2.c:146:5:arm_svc_write_sec_reg	8	static
sunxi_smc_v2.c:57:5:sunxi_smc_call_optee	64	static
sunxi_smc_v2.c:68:5:sunxi_smc_call_atf	0	static
sunxi_smc_v2.c:74:5:sunxi_smc_call	0	static
sunxi_smc_v2.c:84:5:arm_svc_set_cpu_on	0	static
sunxi_smc_v2.c:89:5:arm_svc_set_cpu_off	0	static
sunxi_smc_v2.c:95:5:sunxi_smc_set_cpu_entry	48	static
sunxi_smc_v2.c:104:5:sunxi_smc_set_cpu_off	48	static
sunxi_smc_v2.c:113:5:arm_svc_version	16	static
sunxi_smc_v2.c:126:5:arm_svc_call_count	0	static
sunxi_smc_v2.c:131:5:arm_svc_uuid	0	static
sunxi_smc_v2.c:136:5:arm_svc_run_os	0	static
sunxi_smc_v2.c:152:5:arm_svc_arisc_startup	0	static
sunxi_smc_v2.c:157:5:arm_svc_arisc_wait_ready	0	static
sunxi_smc_v2.c:162:5:arm_svc_arisc_fake_poweroff	0	static
sunxi_smc_v2.c:167:5:arm_svc_arisc_read_pmu	0	static
sunxi_smc_v2.c:172:5:arm_svc_arisc_write_pmu	0	static
sunxi_smc_v2.c:177:5:arm_svc_efuse_read	0	static
sunxi_smc_v2.c:213:5:arm_svc_efuse_write	0	static
sunxi_smc_v2.c:251:5:arm_svc_probe_secure_mode	0	static
sunxi_smc_v2.c:257:5:arm_svc_customer_encrypt	0	static
sunxi_smc_v2.c:276:5:smc_readl	0	static
sunxi_smc_v2.c:281:6:smc_writel	0	static
sunxi_smc_v2.c:286:5:smc_efuse_readl	8	static
sunxi_smc_v2.c:292:5:smc_efuse_writel	8	static
sunxi_smc_v2.c:299:5:smc_init	8	static
sunxi_smc_v2.c:323:5:smc_tee_ssk_encrypt	80	static
sunxi_smc_v2.c:361:5:smc_tee_ssk_decrypt	72	static
sunxi_smc_v2.c:396:5:smc_tee_rssk_encrypt	80	static
sunxi_smc_v2.c:435:5:smc_aes_rssk_decrypt_to_keysram	56	static
sunxi_smc_v2.c:465:5:smc_aes_algorithm	80	static
sunxi_smc_v2.c:516:5:smc_tee_keybox_store	64	static
sunxi_smc_v2.c:558:5:smc_tee_probe_drm_configure	56	static
sunxi_smc_v2.c:574:5:smc_tee_check_hash	64	static
