avb_util.c:10:10:avb_be32toh	0	static
avb_util.c:20:10:avb_be64toh	0	static
avb_util.c:35:10:avb_htobe32	0	static
avb_util.c:48:10:avb_htobe64	8	static
avb_util.c:64:5:avb_safe_memcmp	12	static
avb_util.c:109:6:avb_validate_utf8	8	static
avb_util.c:209:13:avb_strstr	16	static
avb_util.c:234:13:avb_strv_find_str	24	static
avb_util.c:371:13:avb_basename	8	static
avb_util.c:84:6:avb_safe_add_to	32	static
avb_util.c:100:6:avb_safe_add	16	static
avb_util.c:152:6:avb_str_concat	48	static
avb_util.c:177:7:avb_malloc	16	static
avb_util.c:186:7:avb_calloc	16	static
avb_util.c:196:7:avb_strdup	16	static
avb_util.c:247:7:avb_replace	56	static
avb_util.c:326:7:avb_strdupv	312	static
avb_util.c:386:6:avb_uppercase	0	static
avb_util.c:395:7:avb_bin2hex	40	static
