audio.c:389:13:audio_pcuv_insert_mode	16	static
audio.c:401:13:audio_hbr_select	16	static
audio.c:395:13:audio_nlpcm_select	16	static
audio.c:370:13:_audio_i2s_data_width	16	static
audio.c:345:13:_audio_clock_f	0	static
audio.c:358:13:_audio_i2s_data_enable	16	static
audio.c:382:13:audio_i2s_interrupt_mask.constprop	8	static
audio.c:207:4:audio_channel_count	8	static
audio.c:221:4:audio_iec_original_sampling_freq	12	static
audio.c:237:4:audio_iec_sampling_freq	12	static
audio.c:253:4:audio_iec_word_length	12	static
audio.c:265:4:audio_is_channel_en	16	static
audio.c:534:6:halAudioMultistream_MetaDataPacket_Header	24	static
audio.c:551:6:halAudioMultistream_MetaDataPacketBody	40	static
audio.c:573:5:audio_mute	8	static
audio.c:591:5:audio_Initialize	16	static
audio.c:644:5:audio_Configure	40	static
audio.c:726:5:_audio_clock_n_get	16	static
audio.c:734:5:audio_iec_sampling_freq_get	16	static
audio.c:751:4:audio_iec_word_length_get	24	static
