irq.c:33:5:irq_read_stat	32	static
irq.c:53:5:irq_clear_source	32	static
irq.c:69:5:irq_clear_bit	32	static
irq.c:89:5:irq_mute_source	32	static
irq.c:108:5:irq_unmute_source	32	static
irq.c:125:5:irq_mask_bit	32	static
irq.c:141:5:irq_unmask_bit	32	static
irq.c:161:6:irq_mute	8	static
irq.c:167:6:irq_unmute	8	static
irq.c:173:6:irq_clear_all	8	static
irq.c:188:6:irq_mask_all	8	static
irq.c:204:6:irq_scdc_read_request	0	static
irq.c:214:6:un_mask_i2c_interrupt	8	static
irq.c:226:6:irq_hpd_sense_enable	16	static
irq.c:240:5:read_interrupt_decode	8	static
irq.c:245:5:decode_is_fc_stat0	0	static
irq.c:250:5:decode_is_fc_stat1	0	static
irq.c:255:5:decode_is_fc_stat2_vp	0	static
irq.c:260:5:decode_is_as_stat0	0	static
irq.c:265:5:decode_is_phy	0	static
irq.c:270:5:decode_is_phy_lock	0	static
irq.c:275:5:decode_is_phy_hpd	0	static
irq.c:280:5:decode_is_i2c_stat0	0	static
irq.c:285:5:decode_is_cec_stat0	0	static
