de_lcd.c:604:12:tcon0_cfg_mode_auto	32	static
de_lcd.c:1389:12:tcon_ceu_range_cut	0	static
de_lcd.c:1409:12:tcon_ceu_rect_multi	28	static
de_lcd.c:656:12:tcon0_cfg_mode_tri	32	static
de_lcd.c:1486:12:tcon_ceu_calc.constprop	392	static
de_lcd.c:28:5:rgb_src_sel	0	static
de_lcd.c:43:5:dsi_src_sel	0	static
de_lcd.c:55:5:tcon0_out_to_gpio	0	static
de_lcd.c:69:5:tcon1_out_to_gpio	0	static
de_lcd.c:85:5:tcon1_tv_clk_enable	0	static
de_lcd.c:108:5:tcon1_hdmi_clk_enable	8	static
de_lcd.c:153:5:tcon0_dsi_clk_enable	0	static
de_lcd.c:171:5:tcon_de_attach	0	static
de_lcd.c:205:5:edp_de_attach	0	static
de_lcd.c:225:5:tcon_get_attach_by_de_index	0	static
de_lcd.c:237:5:tcon_top_set_reg_base	0	static
de_lcd.c:243:11:tcon_top_get_reg_base	0	static
de_lcd.c:294:5:lvds_open	24	static
de_lcd.c:343:5:lvds_close	16	static
de_lcd.c:362:5:tcon_get_cur_field	0	static
de_lcd.c:372:5:tcon_get_timing	40	static
de_lcd.c:427:5:tcon_set_reg_base	0	static
de_lcd.c:433:11:tcon_get_reg_base	0	static
de_lcd.c:438:5:tcon_init	0	static
de_lcd.c:456:5:tcon_pan_sel	0	static
de_lcd.c:463:5:tcon_exit	0	static
de_lcd.c:471:5:tcon_irq_enable	0	static
de_lcd.c:478:5:tcon_irq_disable	0	static
de_lcd.c:485:5:tcon_irq_query	12	static
de_lcd.c:499:5:tcon_get_start_delay	0	static
de_lcd.c:509:5:tcon_get_cur_line	0	static
de_lcd.c:520:5:tcon_get_status	0	static
de_lcd.c:537:5:tcon0_src_select	16	static
de_lcd.c:546:5:tcon0_src_get	0	static
de_lcd.c:551:5:tcon0_open	8	static
de_lcd.c:585:5:tcon0_close	8	static
de_lcd.c:967:5:tcon0_tri_busy	0	static
de_lcd.c:972:5:tcon0_cpu_set_auto_mode	0	static
de_lcd.c:981:5:tcon0_tri_start	0	static
de_lcd.c:987:5:tcon0_frm	0	static
de_lcd.c:1016:5:tcon0_cpu_16b_to_24b	0	static
de_lcd.c:1024:5:tcon0_cpu_24b_to_16b	0	static
de_lcd.c:1032:5:tcon0_cpu_busy	0	static
de_lcd.c:1041:5:tcon0_cpu_wr_24b_index	16	static
de_lcd.c:1060:5:tcon0_cpu_wr_24b_data	16	static
de_lcd.c:1079:5:tcon0_cpu_wr_24b	16	static
de_lcd.c:1086:5:tcon0_cpu_rd_24b	0	static
de_lcd.c:1091:5:tcon0_cpu_wr_16b	16	static
de_lcd.c:1098:5:tcon0_cpu_wr_16b_index	8	static
de_lcd.c:1104:5:tcon0_cpu_wr_16b_data	8	static
de_lcd.c:1110:5:tcon0_cpu_rd_16b	0	static
de_lcd.c:1122:6:tcon0_cpu_wr_16b_multi	24	static
de_lcd.c:1140:6:tcon0_cpu_wr_24b_multi	24	static
de_lcd.c:1152:5:tcon0_set_dclk_div	0	static
de_lcd.c:1159:5:tcon0_get_dclk_div	0	static
de_lcd.c:1164:5:tcon0_get_cpu_tri2_start_delay	0	static
de_lcd.c:1169:5:tcon1_open	8	static
de_lcd.c:1177:5:tcon1_close	8	static
de_lcd.c:1184:5:tcon1_cfg	32	static
de_lcd.c:1232:5:tcon1_cfg_ex	104	static
de_lcd.c:1254:5:tcon1_hdmi_color_remap	12	static
de_lcd.c:1292:5:tcon1_yuv_range	0	static
de_lcd.c:1336:5:tcon1_set_timming	8	static
de_lcd.c:1359:5:tcon1_set_tv_mode	0	static
de_lcd.c:1364:5:tcon1_src_select	8	static
de_lcd.c:1376:5:tcon1_src_get	0	static
de_lcd.c:1568:5:tcon_ceu	88	static
de_lcd.c:1658:5:tcon_gamma	16	static
de_lcd.c:1675:5:tcon_cmap	0	static
de_lcd.c:958:5:tcon0_cfg_ext	16	static
de_lcd.c:1709:5:tcon1_black_src	8	static
de_lcd.c:1742:6:tcon_show_builtin_patten	0	static
de_lcd.c:1762:5:tcon_set_fsync_pol	0	static
de_lcd.c:1788:5:tcon_set_fsync_active_time	0	static
de_lcd.c:733:5:tcon0_cfg	24	static
