spinor.c:324:1:sunxi_flash_spinor_size	0	static
spinor.c:389:1:sunxi_flash_spinor_flush	0	static
spinor.c:481:5:spinor_secure_storage_read	0	static
spinor.c:126:1:_sunxi_flash_spinor_read	40	static
spinor.c:163:1:sunxi_flash_spinor_phyread	0	static
spinor.c:157:1:sunxi_flash_spinor_read	0	static
spinor.c:296:1:sunxi_flash_spinor_erase_area	112	static
spinor.c:270:1:sunxi_flash_spinor_erase	112	static
spinor.c:395:1:sunxi_flash_spinor_force_erase	0	static
spinor.c:171:1:_sunxi_flash_spinor_write	144	static
spinor.c:263:1:sunxi_flash_spinor_phywrite	0	static
spinor.c:256:1:sunxi_flash_spinor_write	0	static
spinor.c:401:1:sunxi_flash_spinor_download_spl	16	static
spinor.c:370:1:sunxi_flash_spinor_exit	8	static
spinor.c:330:1:sunxi_flash_spinor_probe	8	static
spinor.c:466:1:sunxi_flash_spinor_download_toc	8	static
spinor.c:349:1:sunxi_flash_spinor_init	8	static
spinor.c:485:5:spinor_secure_storage_write	0	static
