sunxi_avb.c:13:5:sunxi_avb_check_magic	8	static
sunxi_avb.c:18:5:sunxi_avb_read_vbmeta_head	16	static
sunxi_avb.c:32:6:sunxi_avb_dump_vbmeta	16	static
sunxi_avb.c:51:5:sunxi_avb_vbmeta_size	12	static
sunxi_avb.c:58:6:sunxi_avb_setup_env	1176	static
sunxi_avb.c:79:6:sunxi_avb_slot_vbmeta_head	12	static
sunxi_avb.c:110:5:sunxi_avb_verify_all_vbmeta	104	static
sunxi_avb.c:187:5:sunxi_avb_verify_vbmeta	88	static
sunxi_avb.c:226:5:sunxi_avb_get_descriptor_by_name	168	static
sunxi_avb.c:289:5:sunxi_avb_get_hash_descriptor_by_name	16	static
sunxi_avb.c:312:5:sunxi_vbmeta_self_verify	344	static
sunxi_avb.c:418:5:sunxi_avb_read_vbmeta_data	32	static
