sunxi_mmc.c:281:12:sunxi_mmc_core_init	8	static
sunxi_mmc.c:1087:12:sunxi_mmc_getcd_legacy	0	static
sunxi_mmc.c:1225:12:sunxi_detail_errno	0	static
sunxi_mmc.c:489:12:mmc_rint_wait.isra.5	48	static
sunxi_mmc.c:1099:12:sunxi_tm4_retry.isra.1.constprop	32	static
sunxi_mmc.c:1142:12:sunxi_decide_rty	24	static
sunxi_mmc.c:46:6:mmc_dump_errinfo	80	static
sunxi_mmc.c:64:6:dumphex32	32	static
sunxi_mmc.c:187:12:mmc_update_clk.isra.7	16	static
sunxi_mmc.c:1072:12:sunxi_mmc_set_ios_legacy	16	static
sunxi_mmc.c:169:6:sunxi_mmc_pin_release	0	static
sunxi_mmc.c:178:5:mmc_clk_io_onoff	8	static
sunxi_mmc.c:511:12:sunxi_mmc_do_send_cmd_common	64	static
sunxi_mmc.c:1079:12:sunxi_mmc_send_cmd_legacy	80	static
sunxi_mmc.c:1245:5:sunxi_mmcno_to_devnum	8	static
sunxi_mmc.c:1265:13:sunxi_mmc_init	32	static
