clk.c:40:13:__clk_disable	8	static
clk.c:156:13:__clk_recalc_rates	8	static
clk.c:71:12:__clk_enable	16	static
clk.c:22:13:__clk_lookup	16	static
clk.c:57:15:__clk_get_rate	0	static
clk.c:217:5:__clk_init	24	static
clk.c:312:5:clk_disable	8	static
clk.c:323:5:clk_prepare_enable	0	static
clk.c:343:6:clk_round_rate	16	static
clk.c:361:13:clk_get_parent	0	static
clk.c:366:5:clk_set_parent	32	static
clk.c:401:15:clk_get_rate	8	static
clk.c:411:5:clk_set_rate	24	static
clk.c:457:13:clk_get	0	static
clk.c:465:6:clk_put	0	static
clk.c:469:5:clk_init	8	static
clk.c:476:13:clk_register	16	static
clk.c:506:5:of_pll_clk_config_setup	40	static
clk.c:572:5:of_periph_clk_config_setup	96	static
clk.c:655:13:of_clk_get	72	static
