phy.c:1906:13:phy_interrupt_mask	16	static
phy.c:50:13:phy_gen2_en_hpd_rx_sense	16	static
phy.c:82:13:phy_test_clock	16	static
phy.c:76:13:phy_test_enable	16	static
phy.c:88:13:phy_test_data_in	16	static
phy.c:227:13:_send_data_pulse	16	static
phy.c:261:13:_tap_goto_shift_ir	8	static
phy.c:272:13:_tap_goto_run_test_idle	8	static
phy.c:252:13:_tap_goto_shift_dr	8	static
phy.c:293:12:_send_value_shift_dr	24	static
phy.c:1900:12:phy_phase_lock_loop_state	8	static
phy.c:913:12:phy301_get_freq	16	static
phy.c:1913:13:phy_interrupt_unmask.constprop	8	static
phy.c:281:13:_send_value_shift_ir.constprop	16	static
phy.c:1712:12:phy_slave_address.constprop	8	static
phy.c:44:13:phy_gen2_tx_power_on.constprop	8	static
phy.c:38:13:phy_gen2_pddq.constprop	8	static
phy.c:32:13:phy_enable_tmds.constprop	8	static
phy.c:26:13:phy_power_down.constprop	8	static
phy.c:317:12:phy_jtag_init.constprop	16	static
phy.c:1692:12:phy_reconfigure_interface	24	static
phy.c:70:6:phy_test_clear	16	static
phy.c:94:4:phy_test_data_out	8	static
phy.c:100:4:phy_interrupt_state	8	static
phy.c:106:4:phy_interrupt_mask_status	16	static
phy.c:112:6:phy_interrupt_polarity	24	static
phy.c:118:4:phy_interrupt_polarity_status	16	static
phy.c:125:6:phy_i2c_fast_mode	0	static
phy.c:130:6:phy_i2c_master_reset	8	static
phy.c:155:5:phy_i2c_write	32	static
phy.c:386:12:phy_write	16	static
phy.c:192:5:phy_i2c_read	24	static
phy.c:399:12:phy_read	16	static
phy.c:1145:5:phy303_get_freq	16	static
phy.c:1728:5:phy_initialize	24	static
phy.c:1793:5:phy_configuration_supported	24	static
phy.c:1812:5:phy_configure	72	static
phy.c:1829:5:phy_standby	8	static
phy.c:1846:5:phy_enable_hpd_sense	8	static
phy.c:1854:5:phy_disable_hpd_sense	8	static
phy.c:1862:5:phy_hot_plug_detected	24	static
phy.c:1893:5:phy_interrupt_enable	16	static
phy.c:1920:4:phy_hot_plug_state	8	static
phy.c:1925:5:phy_test_control	16	static
phy.c:1936:5:phy_test_data	16	static
phy.c:1946:4:phy_rxsense_state	16	static
phy.c:1954:4:phy_pll_lock_state	8	static
phy.c:1960:4:phy_power_state	8	static
phy.c:1965:6:phy_power_enable	16	static
