disp_lcd.c:2519:12:disp_lcd_set_static_config	0	static
disp_lcd.c:75:38:disp_lcd_get_priv	8	static
disp_lcd.c:85:12:disp_lcd_is_used	8	static
disp_lcd.c:1459:12:disp_lcd_cal_fps	8	static
disp_lcd.c:1226:12:disp_lcd_bright_curve_init	848	static
disp_lcd.c:2188:12:disp_lcd_set_panel_funs	80	static
disp_lcd.c:2429:12:disp_lcd_init	96	static
disp_lcd.c:952:12:lcd_clk_disable	24	static
disp_lcd.c:889:12:lcd_clk_enable	120	static
disp_lcd.c:1048:12:disp_lcd_pin_cfg	64	static
disp_lcd.c:1150:12:disp_lcd_backlight_disable	80	static
disp_lcd.c:1214:12:disp_lcd_bright_get_adjust_value.part.1	8	static
disp_lcd.c:1326:5:disp_lcd_get_bright	8	static
disp_lcd.c:2082:5:disp_lcd_is_enabled	8	static
disp_lcd.c:2396:12:disp_lcd_disable_gamma	8	static
disp_lcd.c:2324:12:disp_lcd_get_dimensions	16	static
disp_lcd.c:2159:24:disp_lcd_get_close_flow	16	static
disp_lcd.c:2112:12:disp_lcd_set_close_func	16	static
disp_lcd.c:2094:12:disp_lcd_set_open_func	16	static
disp_lcd.c:2501:13:disp_lcd_check_config_dirty	8	static
disp_lcd.c:2525:12:disp_lcd_get_static_config	16	static
disp_lcd.c:1176:12:disp_lcd_power_enable	16	static
disp_lcd.c:1356:12:disp_lcd_get_panel_info	16	static
disp_lcd.c:1195:12:disp_lcd_power_disable	16	static
disp_lcd.c:2310:5:disp_lcd_gpio_set_value	48	static
disp_lcd.c:2556:12:disp_lcd_exit	8	static
disp_lcd.c:2338:12:disp_lcd_get_status	8	static
disp_lcd.c:986:12:lcd_calc_judge_line	16	static
disp_lcd.c:1986:12:disp_lcd_sw_enable	104	static
disp_lcd.c:1374:12:disp_lcd_event_proc	24	static
disp_lcd.c:1036:12:disp_lcd_tcon_disable	8	static
disp_lcd.c:1024:12:disp_lcd_tcon_enable	8	static
disp_lcd.c:1100:12:disp_lcd_pwm_disable	16	static
disp_lcd.c:1083:12:disp_lcd_pwm_enable	16	static
disp_lcd.c:2418:12:disp_lcd_get_fps	8	static
disp_lcd.c:2350:12:disp_lcd_set_gamma_tbl	24	static
disp_lcd.c:2375:12:disp_lcd_enable_gamma	8	static
disp_lcd.c:2130:24:disp_lcd_get_open_flow	16	static
disp_lcd.c:1271:5:disp_lcd_set_bright	32	static
disp_lcd.c:1338:12:disp_lcd_set_bright_dimming	16	static
disp_lcd.c:1117:12:disp_lcd_backlight_enable	80	static
disp_lcd.c:2282:5:disp_lcd_gpio_set_direction	48	static
disp_lcd.c:63:21:disp_get_lcd	8	static
disp_lcd.c:1839:13:disp_lcd_pre_disable_ex	16	static
disp_lcd.c:1584:13:disp_lcd_post_enable_ex	8	static
disp_lcd.c:2216:5:disp_lcd_gpio_init	96	static
disp_lcd.c:1573:13:disp_lcd_pre_enable_ex	32	static
disp_lcd.c:1595:12:__disp_lcd_enable	40	static
disp_lcd.c:1765:12:disp_lcd_fake_enable	0	static
disp_lcd.c:1757:12:disp_lcd_enable	0	static
disp_lcd.c:2247:5:disp_lcd_gpio_exit	88	static
disp_lcd.c:1850:13:disp_lcd_post_disable_ex	24	static
disp_lcd.c:1913:12:disp_lcd_disable	24	static
disp_lcd.c:2296:5:disp_lcd_gpio_get_value	40	static
disp_lcd.c:2570:5:disp_init_lcd	72	static
