clock_sun50iw9.c:17:6:clock_init_uart	8	static
clock_sun50iw9.c:121:6:clock_get_pll6	8	static
clock_sun50iw9.c:139:6:clock_get_corepll	8	static
clock_sun50iw9.c:56:5:clock_set_corepll	16	static
clock_sun50iw9.c:177:6:clock_get_axi	8	static
clock_sun50iw9.c:193:6:clock_get_ahb	16	static
clock_sun50iw9.c:231:6:clock_get_apb1	16	static
clock_sun50iw9.c:267:6:clock_get_apb2	16	static
clock_sun50iw9.c:305:6:clock_get_mbus	8	static
clock_sun50iw9.c:341:5:usb_open_clock	8	static
clock_sun50iw9.c:404:5:usb_close_clock	8	static
clock_sun50iw9.c:428:5:sunxi_set_sramc_mode	0	static
clock_sun50iw9.c:468:5:ir_clk_cfg	8	static
clock_sun50iw9.c:607:5:sunxi_get_active_boot0_id	0	static
