board.c:366:13:setup_environment.isra.1	48	static
board.c:49:28:sunxi_set_sramc_mode	0	static
board.c:54:28:clock_set_corepll	0	static
board.c:61:6:i2c_init_board	8	static
board.c:170:6:enable_smp	0	static
board.c:178:6:smp_init	0	static
board.c:200:5:sunxi_plat_init	8	static
board.c:215:5:board_init	32	static
board.c:246:5:dram_init	8	static
board.c:307:6:board_mmc_pre_init	0	static
board.c:317:5:board_mmc_get_num	0	static
board.c:323:6:board_mmc_set_num	0	static
board.c:329:5:board_mmc_init	8	static
board.c:412:5:misc_init_r	8	static
board.c:430:5:ft_board_setup	8	static
board.c:476:5:reserve_arch	8	static
