board_common.c:59:5:board_eth_init	0	static
board_common.c:75:6:set_boot_work_mode	0	static
board_common.c:80:5:get_boot_work_mode	0	static
board_common.c:85:5:get_boot_storage_type_ext	0	static
board_common.c:91:5:get_boot_storage_type	0	static
board_common.c:102:6:set_boot_storage_type	0	static
board_common.c:107:5:sunxi_probe_secure_monitor	0	static
board_common.c:115:5:sunxi_probe_secure_os	0	static
board_common.c:120:5:sunxi_get_secureboard	0	static
board_common.c:143:5:sunxi_probe_securemode	24	static
board_common.c:186:5:sunxi_set_secure_mode	88	static
board_common.c:251:5:sunxi_get_securemode	0	static
board_common.c:256:5:sunxi_get_uboot_shell	0	static
board_common.c:261:5:sunxi_set_uboot_shell	0	static
board_common.c:267:6:reset_boot_dram_update_flag	0	static
board_common.c:276:6:set_boot_dram_update_flag	0	static
board_common.c:287:5:get_boot_dram_update_flag	0	static
board_common.c:317:5:sunxi_parsed_specific_string	20	static
board_common.c:339:5:initr_sunxi_display	0	static
board_common.c:371:5:sunxi_boot_init_gpio	64	static
board_common.c:398:5:board_early_init_r	8	static
board_common.c:460:6:board_bootlogo_display	16	static
board_common.c:490:5:update_boot0_head_for_ota	8	static
board_common.c:534:5:board_late_init	8	static
board_common.c:602:6:sunxi_generate_checksum	20	static
board_common.c:626:5:sunxi_verify_checksum	8	static
board_common.c:646:6:board_quiesce_devices	8	static
board_common.c:654:6:sunxi_board_close_source	8	static
board_common.c:661:5:sunxi_board_restart	8	static
board_common.c:637:6:reset_misc	0	static
board_common.c:670:5:sunxi_board_shutdown	8	static
board_common.c:685:5:sunxi_board_run_fel	8	static
board_common.c:694:6:sunxi_update_subsequent_processing	8	static
board_common.c:724:5:sunxi_boot_image_get_embbed_cert_len	8	static
board_common.c:734:7:sunxi_prepare_bpk_bootlogo	8	static
board_common.c:430:6:sunxi_early_logo_display	16	static
