board_helper.c:191:12:write_recovery_msg_to_misc	2064	static
board_helper.c:450:12:sunxi_get_bootcmd_from_misc	4120	static
board_helper.c:130:12:sunxi_str_replace	192	static
board_helper.c:90:12:fdt_enable_node	16	static
board_helper.c:45:5:update_fdt_dram_para	40	static
board_helper.c:105:6:sunxi_dump	16	static
board_helper.c:252:5:check_recovery_key	88	static
board_helper.c:356:6:sunxi_respond_ir_key_action	8	static
board_helper.c:499:5:sunxi_set_bootcmd	104	static
board_helper.c:548:5:sunxi_update_bootcmd	136	static
board_helper.c:594:5:sunxi_update_fdt_para_for_kernel	32	static
board_helper.c:715:5:sunxi_update_partinfo	1248	static
board_helper.c:798:5:sunxi_update_rotpk_info	24	static
