sys_config.c:173:16:PIO_REG_CFG	0	static
sys_config.c:178:16:PIO_REG_PULL	0	static
sys_config.c:183:16:PIO_REG_DLEVEL	0	static
sys_config.c:190:16:PIO_REG_DATA	0	static
sys_config.c:195:5:PIO_REG_CFG_VALUE	0	static
sys_config.c:200:5:PIO_REG_DLEVEL_VALUE	0	static
sys_config.c:205:5:PIO_REG_PULL_VALUE	0	static
sys_config.c:210:5:PIO_REG_DATA_VALUE	0	static
sys_config.c:221:8:gpio_get_all_pin_status	64	static
sys_config.c:343:8:gpio_get_one_pin_status	32	static
sys_config.c:415:8:gpio_set_one_pin_status	40	static
sys_config.c:520:8:gpio_set_one_pin_io_status	24	static
sys_config.c:580:8:gpio_set_one_pin_pull	24	static
sys_config.c:639:8:gpio_set_one_pin_driver_level	24	static
sys_config.c:699:8:gpio_read_one_pin_value	24	static
sys_config.c:757:8:gpio_write_one_pin_value	24	static
sys_config.c:824:5:gpio_request_early	80	static
sys_config.c:1023:7:sunxi_gpio_request	104	static
sys_config.c:1232:7:gpio_release	8	static
sys_config.c:1267:5:fdt_get_all_pin	2672	static
sys_config.c:1438:5:fdt_get_pin_num	88	static
sys_config.c:1494:5:fdt_set_all_pin	1808	static
sys_config.c:1532:5:fdt_set_all_pin_by_offset	1808	static
sys_config.c:1575:5:fdt_set_pin_byname	24	static
sys_config.c:1607:5:fdt_get_one_gpio_by_offset	56	static
sys_config.c:1648:5:fdt_get_one_gpio	64	static
sys_config.c:1696:5:fdt_set_one_gpio	64	static
sys_config.c:1707:5:fdt_set_normal_gpio	16	static
sys_config.c:1712:5:script_parser_fetch	24	static
