usb_burn.c:905:13:sunxi_pburn_reset	0	static
usb_burn.c:926:14:sunxi_pburn_usb_rx_dma_isr	0	static
usb_burn.c:948:14:sunxi_pburn_usb_tx_dma_isr	0	static
usb_burn.c:873:12:sunxi_pburn_exit	8	static
usb_burn.c:1041:12:sunxi_pburn_nonstandard_req_op	8	static
usb_burn.c:971:12:sunxi_pburn_standard_req_op	40	static
usb_burn.c:827:12:sunxi_pburn_init	16	static
usb_burn.c:1077:13:sunxi_usb_burn_private_partition.isra.2.constprop	544	static
usb_burn.c:22:5:sunxi_key_ladder_verify_rotpk_hash	8	static
usb_burn.c:29:5:smc_set_sst_crypt_name	8	static
usb_burn.c:36:5:sunxi_verify_rotpk_hash	8	static
usb_burn.c:43:5:sunxi_deal_hdcp_key	8	static
usb_burn.c:50:5:sunxi_secure_object_down	8	static
usb_burn.c:58:5:sunxi_efuse_write	8	static
usb_burn.c:65:5:sunxi_efuse_read	8	static
usb_burn.c:92:27:sunxi_keybox_has_key	8	static
usb_burn.c:98:6:set_usb_burn_boot_init_flag	0	static
usb_burn.c:496:5:__sunxi_burn_key	120	static
usb_burn.c:660:5:__sunxi_read_key_by_name	4136	static
usb_burn.c:749:5:__sunxi_erase_key	8	static
usb_burn.c:789:5:__sunxi_burn_flag	8	static
usb_burn.c:1310:12:sunxi_pburn_state_loop	64	static
