usb_fastboot.c:1509:13:sunxi_fastboot_reset	0	static
usb_fastboot.c:1637:12:sunxi_fastboot_nonstandard_req_op	0	static
usb_fastboot.c:1552:13:sunxi_fastboot_usb_tx_dma_isr	0	static
usb_fastboot.c:1530:13:sunxi_fastboot_usb_rx_dma_isr	0	static
usb_fastboot.c:594:12:erase_userdata	136	static
usb_fastboot.c:1484:12:sunxi_fastboot_exit	8	static
usb_fastboot.c:449:12:__sunxi_fastboot_send_status	0	static
usb_fastboot.c:471:12:__fastboot_reboot	24	static
usb_fastboot.c:1572:12:sunxi_fastboot_standard_req_op	40	static
usb_fastboot.c:1434:12:sunxi_fastboot_init	16	static
usb_fastboot.c:43:5:get_fastboot_data_flag	0	static
usb_fastboot.c:48:27:sunxi_secure_storage_init	0	static
usb_fastboot.c:53:27:sunxi_secure_storage_exit	0	static
usb_fastboot.c:59:1:sunxi_secure_object_read	0	static
usb_fastboot.c:66:1:sunxi_secure_object_write	0	static
usb_fastboot.c:1183:12:sunxi_fastboot_write_status_flag	16	static
usb_fastboot.c:1116:5:sunxi_oem_op_lock	80	static
usb_fastboot.c:1280:13:__oem_operation	784	static
usb_fastboot.c:1764:12:sunxi_fastboot_state_loop	224	static
usb_fastboot.c:1690:5:sunxi_fastboot_status_read	560	static
