usb_base_platform.c:624:13:__usb_bulk_ep_reset	24	static
usb_base_platform.c:662:12:__usb_read_ep0_data	24	static
usb_base_platform.c:585:13:__usb_writecomplete.constprop	16	static
usb_base_platform.c:84:12:get_fastboot_data_flag	0	static
usb_base_platform.c:90:13:set_usb_burn_boot_init_flag	0	static
usb_base_platform.c:116:6:sunxi_usb_irq	48	static
usb_base_platform.c:96:13:otg_phy_config	0	static
usb_base_platform.c:252:5:sunxi_usb_init	32	static
usb_base_platform.c:416:5:sunxi_usb_exit	8	static
usb_base_platform.c:875:6:sunxi_udc_ep_reset	0	static
usb_base_platform.c:895:5:sunxi_udc_start_recv_by_dma	24	static
usb_base_platform.c:935:6:sunxi_udc_send_setup	16	static
usb_base_platform.c:967:5:sunxi_udc_set_configuration	0	static
usb_base_platform.c:987:5:sunxi_udc_set_address	8	static
usb_base_platform.c:1009:5:sunxi_udc_send_data	32	static
usb_base_platform.c:1031:5:sunxi_udc_get_ep_max	0	static
usb_base_platform.c:1051:5:sunxi_udc_get_ep_in_type	0	static
usb_base_platform.c:1071:5:sunxi_udc_get_ep_out_type	0	static
usb_base_platform.c:1452:6:sunxi_usb_main_loop	16	static
usb_base_platform.c:1502:5:sunxi_usb_extern_loop	0	static
