log.h:360:19:log_init	0	static
board_r.c:98:12:initr_trace	0	static
board_r.c:184:12:initr_reloc_global_data	0	static
board_r.c:755:12:run_main_loop	8	static
board_r.c:685:12:initr_net	8	static
board_r.c:532:12:sunxi_burn_key	8	static
board_r.c:620:12:initr_ethaddr	8	static
board_r.c:567:12:initr_env	8	static
board_r.c:497:12:initr_sunxi_plat	8	static
board_r.c:612:12:initr_enable_interrupts	8	static
board_r.c:595:12:initr_jumptable	8	static
board_r.c:231:12:initr_serial	8	static
board_r.c:322:12:initr_noncached	8	static
board_r.c:370:12:initr_bootstage	8	static
board_r.c:297:12:initr_malloc	8	static
board_r.c:152:12:initr_reloc	8	static
bootstage.h:367:19:bootstage_relocate	0	static
board_r.c:288:12:initr_barrier	0	static
board_r.c:312:12:initr_console_record	0	static
board_r.c:377:12:power_init_board	0	static
board_r.c:382:12:initr_announce	0	static
board_r.c:485:12:initr_mmc	0	static
board_r.c:70:12:board_flash_wp_on	0	static
board_r.c:80:13:cpu_secondary_init_r	0	static
board_r.c:84:12:initr_secondary_cpu	8	static
board_r.c:163:13:smp_init	0	static
board_r.c:170:12:initr_caches	8	static
board_r.c:179:12:fixup_cpu	0	static
board_r.c:980:6:board_init_r	8	static
