log.h:360:19:log_init	0	static
board_f.c:122:12:display_text_info	0	static
board_f.c:218:12:setup_mon_len	0	static
board_f.c:239:12:arch_cpu_init	0	static
board_f.c:322:12:reserve_round_4k	0	static
board_f.c:329:12:reserve_mmu	0	static
board_f.c:399:12:reserve_uboot	0	static
board_f.c:421:12:reserve_malloc	0	static
board_f.c:450:12:reserve_global_data	0	static
board_f.c:177:12:dram_init_banksize	8	static
board_f.c:595:12:reloc_fdt	8	static
board_f.c:627:12:setup_reloc	8	static
board_f.c:143:12:announce_dram_init	8	static
board_f.c:460:12:reserve_fdt	0	static
board_f.c:430:12:reserve_board	8	static
board_f.c:188:12:init_func_i2c	8	static
board_f.c:116:12:init_baud_rate	8	static
board_f.c:698:12:initf_bootstage	8	static
board_f.c:758:12:arch_cpu_init_dm	0	static
board_f.c:244:12:mach_cpu_init	0	static
board_f.c:356:12:reserve_video	0	static
board_f.c:387:12:reserve_trace	0	static
board_f.c:442:12:setup_machine	0	static
board_f.c:489:12:reserve_bootstage	0	static
board_f.c:521:12:display_new_sp	0	static
board_f.c:609:12:reloc_bootstage	0	static
board_f.c:723:12:initf_console_record	0	static
board_f.c:732:12:initf_dm	0	static
board_f.c:753:12:reserve_arch	0	static
board_f.c:66:13:coloured_LED_init	0	static
board_f.c:67:13:red_led_on	0	static
board_f.c:68:13:red_led_off	0	static
board_f.c:69:13:green_led_on	0	static
board_f.c:70:13:green_led_off	0	static
board_f.c:71:13:yellow_led_on	0	static
board_f.c:72:13:yellow_led_off	0	static
board_f.c:73:13:blue_led_on	0	static
board_f.c:74:13:blue_led_off	0	static
board_f.c:111:13:board_add_ram_info	0	static
board_f.c:149:12:show_dram_config	8	static
board_f.c:250:14:board_get_usable_ram_top	0	static
board_f.c:267:12:setup_dest_addr	8	static
board_f.c:503:12:arch_reserve_stacks	0	static
board_f.c:508:12:reserve_stacks	0	static
board_f.c:906:6:board_init_f	8	static
