miiphyutil.c:67:12:legacy_miiphy_read	16	static
miiphyutil.c:77:12:legacy_miiphy_write	4	static
miiphyutil.c:38:17:miiphy_get_dev_by_name	16	static
miiphyutil.c:61:6:miiphy_init	0	static
miiphyutil.c:121:17:mdio_alloc	8	static
miiphyutil.c:86:6:miiphy_register	32	static
miiphyutil.c:137:6:mdio_free	0	static
miiphyutil.c:142:5:mdio_register	16	static
miiphyutil.c:163:5:mdio_register_seq	8	static
miiphyutil.c:175:5:mdio_unregister	0	static
miiphyutil.c:189:6:mdio_list_devices	40	static
miiphyutil.c:214:5:miiphy_set_current_dev	8	static
miiphyutil.c:264:24:miiphy_get_active_dev	16	static
miiphyutil.c:229:17:mdio_get_current_dev	0	static
miiphyutil.c:234:20:mdio_phydev_for_ethname	24	static
miiphyutil.c:256:13:miiphy_get_current_dev	0	static
miiphyutil.c:288:5:miiphy_read	24	static
miiphyutil.c:316:5:miiphy_write	24	static
miiphyutil.c:332:6:miiphy_listdev	16	static
miiphyutil.c:361:5:miiphy_info	32	static
miiphyutil.c:446:5:miiphy_speed	24	static
miiphyutil.c:504:5:miiphy_duplex	24	static
miiphyutil.c:569:5:miiphy_is_1000base_x	0	static
