drv_tv.c:994:5:tv_get_input_csc	0	static
drv_tv.c:582:5:tv_set_enhance_mode	0	static
drv_tv.c:592:12:tve_top_clk_enable	8	static
drv_tv.c:611:12:tve_clk_enable	16	static
drv_tv.c:630:13:tve_clk_config	40	static
drv_tv.c:1024:5:tv_get_hpd_status	0	static
drv_tv.c:1133:5:tv_hot_plugging_detect	0	static
drv_tv.c:973:5:tv_get_mode	8	static
drv_tv.c:981:5:tv_set_mode	8	static
drv_tv.c:1095:5:tv_resume	24	static
drv_tv.c:1002:5:tv_get_video_timing_info	16	static
drv_tv.c:1114:5:tv_mode_support	8	static
drv_tv.c:1029:12:__pin_config.constprop	40	static
drv_tv.c:1046:5:tv_enable	8	static
drv_tv.c:1064:5:tv_disable	16	static
drv_tv.c:1079:5:tv_suspend	16	static
drv_tv.c:544:6:tv_report_hpd_work	0	static
drv_tv.c:548:5:tv_detect_thread	0	static
drv_tv.c:553:5:tv_detect_enable	8	static
drv_tv.c:559:5:tv_detect_disable	8	static
drv_tv.c:566:5:tv_get_video_info	8	static
drv_tv.c:577:5:tv_get_list_num	0	static
drv_tv.c:940:5:tv_init	248	static
drv_tv.c:960:5:tv_exit	16	static
