hdmi_core.c:84:13:hdmitx_sleep	0	static
hdmi_core.c:422:13:print_videoinfo	16	static
hdmi_core.c:112:6:hdmitx_write	0	static
hdmi_core.c:120:5:hdmitx_read	0	static
hdmi_core.c:89:6:hdmi_core_set_base_addr	0	static
hdmi_core.c:94:11:hdmi_core_get_base_addr	0	static
hdmi_core.c:102:6:set_platform	0	static
hdmi_core.c:107:22:get_platform	0	static
hdmi_core.c:169:6:resistor_calibration_core	16	static
hdmi_core.c:175:5:hdmi_core_get_hpd_state	8	static
hdmi_core.c:240:6:core_init_audio	8	static
hdmi_core.c:268:5:hdmi_tx_core_init	32	static
hdmi_core.c:322:6:hdmi_core_exit	8	static
hdmi_core.c:334:6:hdcp_handler_core	16	static
hdmi_core.c:348:4:get_hdcp22_status_core	0	static
hdmi_core.c:353:6:hdmi_configure_core	32	static
hdmi_core.c:511:6:video_apply	24	static
hdmi_core.c:704:5:get_static_config	16	static
hdmi_core.c:866:5:hdmi_set_display_mode	72	static
hdmi_core.c:903:5:hdmi_mode_blacklist_check	20	static
hdmi_core.c:931:5:hdmi_mode_support	16	static
hdmi_core.c:964:6:hdmi_reconfig_format_by_blacklist	32	static
hdmi_core.c:551:5:set_static_config	16	static
hdmi_core.c:987:5:hdmi_get_HPD_status	8	static
hdmi_core.c:994:5:hdmi_core_get_csc_type	24	static
hdmi_core.c:1008:5:hdmi_get_video_timming_info	40	static
hdmi_core.c:1067:6:hpd_sense_enbale_core	0	static
hdmi_core.c:1072:5:hdmi_enable_core	8	static
hdmi_core.c:1083:5:hdmi_disable_core	16	static
hdmi_core.c:1104:6:hdcp_enable_core	0	static
hdmi_core.c:1161:6:register_func_to_hdmi_core	8	static
hdmi_core.c:1169:5:hdmi_core_get_rxsense_state	0	static
hdmi_core.c:1176:5:hdmi_core_get_phy_pll_lock_state	0	static
hdmi_core.c:1183:5:hdmi_core_get_phy_power_state	0	static
hdmi_core.c:1190:5:hdmi_core_get_tmds_mode	0	static
hdmi_core.c:1197:5:hdmi_core_get_scramble_state	0	static
hdmi_core.c:1204:5:hdmi_core_get_avmute_state	0	static
hdmi_core.c:1212:5:hdmi_core_get_pixelrepetion	0	static
hdmi_core.c:1220:5:hdmi_core_get_color_depth	0	static
hdmi_core.c:1228:5:hdmi_core_get_colorimetry	0	static
hdmi_core.c:1236:5:hdmi_core_get_pixel_format	0	static
hdmi_core.c:1244:5:hdmi_core_get_video_code	0	static
hdmi_core.c:1252:5:hdmi_core_get_audio_layout	0	static
hdmi_core.c:1261:5:hdmi_core_get_audio_channel_count	0	static
hdmi_core.c:1269:5:hdmi_core_get_audio_sample_freq	0	static
hdmi_core.c:1277:5:hdmi_core_get_audio_sample_size	0	static
hdmi_core.c:1285:5:hdmi_core_get_audio_n	0	static
hdmi_core.c:1293:6:hdmi_core_avmute_enable	0	static
hdmi_core.c:1300:6:hdmi_core_phy_power_enable	0	static
hdmi_core.c:1307:6:hdmi_core_dvimode_enable	0	static
