spi-nor-core.c:146:12:read_sr	16	static
spi-nor-core.c:186:12:read_cr	16	static
spi-nor-core.c:205:12:write_sr	4	static
spi-nor-core.c:216:12:write_enable	4	static
spi-nor-core.c:224:12:write_disable	4	static
spi-nor-core.c:615:13:stm_get_locked_range	24	static
spi-nor-core.c:906:12:spi_nor_read	40	static
spi-nor-core.c:111:16:spi_nor_write_data	72	static
spi-nor-core.c:73:16:spi_nor_read_data	64	static
spi-nor-core.c:444:12:spi_nor_wait_till_ready	32	static
spi-nor-core.c:1057:12:spi_nor_write	56	static
spi-nor-core.c:981:12:sst_write	48	static
spi-nor-core.c:1233:12:spansion_read_cr_quad_enable	24	static
spi-nor-core.c:1314:12:gd_read_cr_quad_enable	16	static
spi-nor-core.c:1161:12:macronix_quad_enable	16	static
spi-nor-core.c:548:12:spi_nor_erase	80	static
spi-nor-core.c:47:12:spi_nor_read_reg	72	static
spi-nor-core.c:595:12:write_sr_and_check.constprop	16	static
spi-nor-core.c:63:12:spi_nor_write_reg	72	static
spi-nor-core.c:869:12:stm_is_locked	48	static
spi-nor-core.c:666:12:stm_is_unlocked_sr	48	static
spi-nor-core.c:784:12:stm_unlock	56	static
spi-nor-core.c:660:12:stm_is_locked_sr	48	static
spi-nor-core.c:704:12:stm_lock	56	static
spi-nor-core.c:311:6:spi_nor_reset_device	16	static
spi-nor-core.c:2333:5:spi_nor_scan	432	static
spi-nor-core.c:2488:5:spi_flash_cmd_get_sw_write_prot	8	static
