i2c_core.c:13:21:i2c_get_adapter	8	static
i2c_core.c:172:13:i2c_init_bus	16	static
i2c_core.c:187:13:i2c_init_board	0	static
i2c_core.c:192:13:i2c_early_init_f	0	static
i2c_core.c:217:14:i2c_get_bus_num	0	static
i2c_core.c:236:5:i2c_set_bus_num	16	static
i2c_core.c:204:6:i2c_init_all	8	static
i2c_core.c:273:5:i2c_probe	16	static
i2c_core.c:290:5:i2c_read	32	static
i2c_core.c:296:5:i2c_write	32	static
i2c_core.c:302:14:i2c_set_bus_speed	16	static
i2c_core.c:315:14:i2c_get_bus_speed	8	static
i2c_core.c:321:9:i2c_reg_read	24	static
i2c_core.c:335:6:i2c_reg_write	24	static
i2c_core.c:345:13:i2c_init	0	static
