ehci-hcd.c:121:12:ehci_get_port_speed	0	static
ehci-hcd.c:126:13:ehci_set_usbmode	0	static
ehci-hcd.c:148:18:ehci_get_portsc_register	0	static
ehci-hcd.c:142:13:ehci_powerup_fixup	8	static
ehci-hcd.c:162:12:handshake	24	static
ehci-hcd.c:206:12:ehci_shutdown	24	static
ehci-hcd.c:240:12:ehci_td_buffer	16	static
ehci-hcd.c:1386:14:_ehci_poll_int_queue	24	static
ehci-hcd.c:1203:1:disable_periodic.isra.2	8	static
ehci-hcd.c:1182:1:enable_periodic.isra.3	8	static
ehci-hcd.c:1427:12:_ehci_destroy_int_queue	32	static
ehci-hcd.c:284:13:ehci_update_endpt2_dev_n_port.isra.4	16	static
ehci-hcd.c:300:1:ehci_submit_async	288	static
ehci-hcd.c:1222:26:_ehci_create_int_queue.isra.6	72	static
ehci-hcd.c:967:6:ehci_set_controller_priv	24	static
ehci-hcd.c:975:7:ehci_get_controller_priv	0	static
ehci-hcd.c:1091:5:usb_lowlevel_stop	8	static
ehci-hcd.c:1097:5:usb_lowlevel_init	40	static
ehci-hcd.c:1512:5:submit_bulk_msg	16	static
ehci-hcd.c:1518:5:submit_control_msg	56	static
ehci-hcd.c:1524:5:submit_int_msg	32	static
ehci-hcd.c:1530:19:create_int_queue	0	static
ehci-hcd.c:1538:7:poll_int_queue	0	static
ehci-hcd.c:1543:5:destroy_int_queue	0	static
