ehci-sunxi.c:54:7:config_usb_pin	8	static
ehci-sunxi.c:80:6:sunxi_set_vbus	0	static
ehci-sunxi.c:86:27:axp_usb_vbus_output	0	static
ehci-sunxi.c:88:5:alloc_pin	8	static
ehci-sunxi.c:96:6:free_pin	0	static
ehci-sunxi.c:101:5:open_usb_clock	24	static
ehci-sunxi.c:154:5:close_usb_clock	20	static
ehci-sunxi.c:201:6:usb_passby	0	static
ehci-sunxi.c:236:5:sunxi_start_ehci	16	static
ehci-sunxi.c:247:6:sunxi_stop_ehci	8	static
ehci-sunxi.c:260:5:ehci_hcd_init	32	static
ehci-sunxi.c:286:5:ehci_hcd_stop	8	static
