de_dns.c:51:13:dns_set_block_dirty	0	static
de_dns.c:57:13:dns_set_rcq_head_dirty	0	static
de_dns.c:67:5:de_dns_init	32	static
de_dns.c:110:5:de_dns_exit	0	static
de_dns.c:115:5:de_dns_get_reg_blocks	32	static
de_dns.c:139:5:de_dns_enable	8	static
de_dns.c:149:5:de_dns_set_size	8	static
de_dns.c:161:5:de_dns_set_window	24	static
de_dns.c:181:5:de_dns_init_para	16	static
de_dns.c:218:5:de_dns_read_iqa_regs	8	static
de_dns.c:231:5:de_dns_info2para	24	static
de_dns.c:266:5:de_dns_para_apply	16	static
de_dns.c:289:5:cal_blks	20	static
de_dns.c:308:6:dns_para_adapt	88	static
de_dns.c:466:5:de_dns_tasklet	88	static
