de_feat.c:18:5:de_feat_get_num_screens	0	static
de_feat.c:23:5:de_feat_get_num_chns	0	static
de_feat.c:31:5:de_feat_get_num_vi_chns	0	static
de_feat.c:39:5:de_feat_get_num_ui_chns	0	static
de_feat.c:48:5:de_feat_get_num_layers	16	static
de_feat.c:62:5:de_feat_get_num_layers_by_chn	24	static
de_feat.c:75:5:de_feat_is_support_vep	16	static
de_feat.c:89:5:de_feat_is_support_vep_by_chn	24	static
de_feat.c:102:5:de_feat_is_support_smbl	0	static
de_feat.c:107:5:de_feat_is_support_wb	0	static
de_feat.c:115:5:de_feat_is_support_scale	16	static
de_feat.c:129:5:de_feat_is_support_scale_by_chn	24	static
de_feat.c:142:5:de_feat_is_support_edscale	16	static
de_feat.c:156:5:de_feat_is_support_edscale_by_chn	24	static
de_feat.c:169:5:de_feat_is_support_de_noise	16	static
de_feat.c:183:5:de_feat_is_support_de_noise_by_chn	24	static
de_feat.c:197:5:de_feat_is_support_cdc_by_chn	24	static
de_feat.c:210:5:de_feat_is_support_snr_by_chn	24	static
de_feat.c:223:5:de_feat_is_support_fbd_by_layer	32	static
de_feat.c:240:5:de_feat_is_support_atw_by_layer	32	static
de_feat.c:257:5:de_feat_get_scale_linebuf_for_yuv	24	static
de_feat.c:271:5:de_feat_get_scale_linebuf_for_rgb	24	static
de_feat.c:285:5:de_feat_get_scale_linebuf_for_ed	24	static
de_feat.c:299:5:de_feat_get_scaler_type	24	static
de_feat.c:312:5:de_feat_get_phy_chn_id	24	static
de_feat.c:335:5:de_feat_is_using_rcq	0	static
de_feat.c:344:5:de_feat_is_using_wb_rcq	0	static
de_feat.c:353:5:de_feat_init_config	0	static
de_feat.c:374:14:de_feat_get_number_of_vdpo	0	static
