de_top.c:95:11:de_top_get_reg_base	0	static
de_top.c:100:6:de_top_set_reg_base	0	static
de_top.c:135:5:de_top_set_clk_enable	32	static
de_top.c:164:5:de_top_set_de2tcon_mux	12	static
de_top.c:178:5:de_top_get_tcon_from_mux	0	static
de_top.c:187:5:de_top_get_ip_version	0	static
de_top.c:194:5:de_top_set_rtwb_mux	0	static
de_top.c:201:21:de_top_get_rtwb_mux	0	static
de_top.c:208:5:de_top_set_rtwb_mode	0	static
de_top.c:219:5:de_top_start_rtwb	0	static
de_top.c:230:5:de_top_set_vchn2core_mux	12	static
de_top.c:245:5:de_top_set_uchn2core_mux	12	static
de_top.c:260:5:de_top_set_port2vchn_mux	12	static
de_top.c:274:5:de_top_set_port2uchn_mux	12	static
de_top.c:288:5:de_top_get_ahb_config_flag	0	static
de_top.c:297:5:de_top_set_lut_debug_enable	0	static
de_top.c:310:5:de_top_set_rtmx_enable	8	static
de_top.c:330:5:de_top_set_out_size	8	static
de_top.c:340:5:de_top_get_out_size	0	static
de_top.c:352:5:de_top_enable_irq	8	static
de_top.c:365:5:de_top_query_state_with_clear	8	static
de_top.c:378:5:de_top_set_rcq_update	0	static
de_top.c:385:5:de_top_set_rcq_head	0	static
de_top.c:396:5:de_top_wb_enable_irq	0	static
de_top.c:409:5:de_top_wb_query_state_with_clear	8	static
de_top.c:425:5:de_top_wb_set_rcq_update	0	static
de_top.c:432:5:de_top_wb_set_rcq_head	0	static
de_top.c:453:5:de_top_mem_pool_alloc	0	static
de_top.c:467:6:de_top_mem_pool_free	0	static
de_top.c:474:7:de_top_reg_memory_alloc	16	static
de_top.c:508:6:de_top_reg_memory_free	0	static
