sdmmc.c:43:12:sunxi_flash_mmc_read	8	static
sdmmc.c:53:12:sunxi_flash_mmc_write	8	static
sdmmc.c:63:12:sunxi_flash_mmcs_read	8	static
sdmmc.c:73:12:sunxi_flash_mmcs_write	8	static
sdmmc.c:83:13:sunxi_flash_mmcs_size	0	static
sdmmc.c:188:13:sunxi_flash_mmc_size	0	static
sdmmc.c:218:12:sunxi_flash_mmcs_exit	0	static
sdmmc.c:228:5:sunxi_flash_mmc_phyread	8	static
sdmmc.c:239:5:sunxi_flash_mmc_phywrite	8	static
sdmmc.c:250:5:sunxi_flash_mmc_flush	0	static
sdmmc.c:313:5:sunxi_sprite_mmcs_phyread	8	static
sdmmc.c:324:5:sunxi_sprite_mmcs_phywrite	8	static
sdmmc.c:255:5:sunxi_flash_mmc_phyerase	16	static
sdmmc.c:335:5:sunxi_sprite_mmcs_phyerase	16	static
sdmmc.c:363:5:sunxi_sprite_mmc_force_erase	32	static
sdmmc.c:614:5:sunxi_flash_mmc_probe	8	static
sdmmc.c:89:12:sunxi_flash_mmc_download_spl	40	static
sdmmc.c:625:12:mmc_mirror_boo0_copy	552	static
sdmmc.c:292:12:sunxi_sprite_mmc_erase	0	static
sdmmc.c:209:12:sunxi_flash_mmc_exit	0	static
sdmmc.c:168:1:sunxi_flash_mmcs_download_toc	24	static
sdmmc.c:149:1:sunxi_flash_mmcs_download_spl	24	static
sdmmc.c:1053:12:check_secure_storage_key	16	static
sdmmc.c:736:5:sunxi_flash_update_backup_boot0	520	static
sdmmc.c:129:1:sunxi_flash_mmc_download_toc	24	static
sdmmc.c:349:5:sunxi_sprite_mmc_phywipe	8	static
sdmmc.c:372:5:sunxi_flash_mmc_secread	16	static
sdmmc.c:403:5:sunxi_flash_mmc_secread_backup	16	static
sdmmc.c:436:5:sunxi_flash_mmc_secwrite	32	static
sdmmc.c:476:5:sunxi_sprite_mmc_secwrite	32	static
sdmmc.c:588:5:mmc_secure_storage_write	16	static
sdmmc.c:516:5:sunxi_sprite_mmc_secread	16	static
sdmmc.c:547:5:sunxi_sprite_mmc_secread_backup	16	static
sdmmc.c:580:5:mmc_secure_storage_read	32	static
sdmmc.c:717:5:sunxi_flash_mmc_recover_boot0_copy0	8	static
sdmmc.c:822:5:sdmmc_init_for_boot	16	static
sdmmc.c:194:12:sunxi_flash_mmc_init	0	static
sdmmc.c:874:5:sdmmc_init_for_sprite	16	static
sdmmc.c:620:5:sunxi_flash_mmcs_probe	0	static
sdmmc.c:200:12:sunxi_flash_mmcs_init	0	static
sdmmc.c:986:5:sdmmc_init_card0_for_sprite	8	static
sdmmc.c:1030:5:card_read_boot0	16	static
