sunxi_pwm_enhance.c:134:5:sunxi_pwm_set_polarity	0	static
sunxi_pwm_enhance.c:111:12:sunxi_pwm_pin_set_state	48	static
sunxi_pwm_enhance.c:155:12:get_pccr_reg_offset	8	static
sunxi_pwm_enhance.c:186:5:sunxi_pwm_config	136	static
sunxi_pwm_enhance.c:358:13:sunxi_pwm_disable	32	static
sunxi_pwm_enhance.c:323:12:sunxi_pwm_enable	32	static
sunxi_pwm_enhance.c:419:6:sunxi_pwm_init	0	static
sunxi_pwm_enhance.c:423:5:pwm_config	12	static
sunxi_pwm_enhance.c:438:5:pwm_enable	4	static
sunxi_pwm_enhance.c:452:5:pwm_disable	16	static
sunxi_pwm_enhance.c:466:5:pwm_set_polarity	24	static
sunxi_pwm_enhance.c:480:5:pwm_init	0	static
sunxi_pwm_enhance.c:485:5:pwm_request	152	static
sunxi_pwm_enhance.c:635:5:pwm_remove	24	static
